INFO - [♥] Lovely 0.8.0
INFO - [♥] Game directory is at "C:\\Program Files (x86)\\Steam\\steamapps\\common\\Balatro"
INFO - [♥] Writing logs to "C:\\Users\\Lorenz\\AppData\\Roaming\\Balatro\\Mods\\lovely\\log"
INFO - [♥] Using mod directory at "C:\\Users\\Lorenz\\AppData\\Roaming\\Balatro\\Mods"
INFO - [♥] Cleaning up dumps directory at "C:\\Users\\Lorenz\\AppData\\Roaming\\Balatro\\Mods\\lovely\\dump"
INFO - [♥] Initialization complete in 714ms
INFO - [♥] Applied 9 patches to 'main.lua'
INFO - [♥] Applied 5 patches to 'engine/controller.lua'
INFO - [♥] Applied 15 patches to 'back.lua'
INFO - [♥] Applied 7 patches to 'tag.lua'
INFO - [♥] Applied 2 patches to 'engine/moveable.lua'
INFO - [♥] Applied 2 patches to 'engine/sprite.lua'
INFO - [♥] Applied 2 patches to 'engine/animatedsprite.lua'
INFO - [♥] Applied 67 patches to 'functions/misc_functions.lua'
INFO - [♥] Applied 36 patches to 'game.lua'
INFO - [♥] Applied 1 patch to 'globals.lua'
INFO - [♥] Applied 5 patches to 'engine/ui.lua'
INFO - [♥] Applied 91 patches to 'functions/UI_definitions.lua'
INFO - [♥] Applied 49 patches to 'functions/state_events.lua'
INFO - [♥] Applied 117 patches to 'functions/common_events.lua'
INFO - [♥] Applied 51 patches to 'functions/button_callbacks.lua'
INFO - [♥] Applied 186 patches to 'card.lua'
INFO - [♥] Applied 10 patches to 'cardarea.lua'
INFO - [♥] Applied 37 patches to 'blind.lua'
INFO - [♥] Applied 2 patches to 'engine/text.lua'
INFO - [G] Failed to connect to the debug server
INFO - [G] 2025-10-02 20:04:58 :: DEBUG :: DebugConsole :: Steamodded Debug Socket started !
INFO - [G] 2025-10-02 20:04:58 :: INFO  :: SMODS :: Steamodded v1.0.0~BETA-0711a
INFO - [♥] Applied 9 patches to 'engine/sound_manager.lua'
INFO - [♥] Applied 1 patch to 'engine/save_manager.lua'
INFO - [G] 2025-10-02 20:04:59 :: INFO  :: TIMER :: [0000] Injected Fonts in 0.001 ms
INFO - [G] 2025-10-02 20:04:59 :: INFO  :: TIMER :: [0000] Injected Language in 0.001 ms
INFO - [G] 2025-10-02 20:04:59 :: INFO  :: TIMER :: [0000] Injected [INTERNAL] in 8.892 ms
INFO - [G] 2025-10-02 20:04:59 :: INFO  :: TIMER :: [0002] Injected Atlas in 275.356 ms
INFO - [G] 2025-10-02 20:04:59 :: INFO  :: TIMER :: [0001] Injected Sound in 4.367 ms
INFO - [G] 2025-10-02 20:04:59 :: INFO  :: TIMER :: [0008] Injected Stake in 0.151 ms
INFO - [G] 2025-10-02 20:04:59 :: INFO  :: TIMER :: [0004] Injected Rarity in 0.015 ms
INFO - [G] 2025-10-02 20:04:59 :: INFO  :: TIMER :: [0004] Injected ObjectType in 0.027 ms
INFO - [G] 2025-10-02 20:04:59 :: INFO  :: TIMER :: [0050] Injected Center in 0.330 ms
INFO - [G] 2025-10-02 20:04:59 :: INFO  :: TIMER :: [0007] Injected Undiscovered Sprite in 0.017 ms
INFO - [G] 2025-10-02 20:04:59 :: INFO  :: TIMER :: [0002] Injected Blind in 0.019 ms
INFO - [G] 2025-10-02 20:04:59 :: INFO  :: TIMER :: [0004] Injected Seal in 0.116 ms
INFO - [G] 2025-10-02 20:04:59 :: INFO  :: TIMER :: [0004] Injected Suit in 0.053 ms
INFO - [G] 2025-10-02 20:04:59 :: INFO  :: TIMER :: [0013] Injected Rank in 0.097 ms
INFO - [G] 2025-10-02 20:04:59 :: INFO  :: TIMER :: [0028] Injected DeckSkin in 0.256 ms
INFO - [G] 2025-10-02 20:04:59 :: INFO  :: TIMER :: [0012] Injected PokerHand in 0.069 ms
INFO - [G] 2025-10-02 20:04:59 :: INFO  :: TIMER :: [0020] Injected Challenge in 0.031 ms
INFO - [G] 2025-10-02 20:04:59 :: INFO  :: TIMER :: [0000] Injected Tag in 0.001 ms
INFO - [G] 2025-10-02 20:04:59 :: INFO  :: TIMER :: [0004] Injected Sticker in 0.131 ms
INFO - [G] 2025-10-02 20:04:59 :: INFO  :: TIMER :: [0000] Injected Shader in 0.001 ms
INFO - [G] 2025-10-02 20:04:59 :: INFO  :: TIMER :: [0002] Injected Keybind in 0.019 ms
INFO - [G] 2025-10-02 20:04:59 :: INFO  :: TIMER :: [0000] Injected Achievement in 0.024 ms
INFO - [G] 2025-10-02 20:04:59 :: INFO  :: TIMER :: [0002] Injected nil in 0.018 ms
INFO - [G] 2025-10-02 20:04:59 :: INFO  :: TIMER :: [0021] Injected Draw Step in 0.102 ms
INFO - [G] 2025-10-02 20:04:59 :: INFO  :: TIMER :: [0000] Injected [INTERNAL] in 0.002 ms
INFO - [G] 2025-10-02 20:05:21 :: INFO  :: TIMER :: [0000] Injected Fonts in 0.001 ms
INFO - [G] 2025-10-02 20:05:21 :: INFO  :: TIMER :: [0000] Injected Language in 0.001 ms
INFO - [G] 2025-10-02 20:05:21 :: INFO  :: TIMER :: [0000] Injected [INTERNAL] in 0.628 ms
INFO - [G] 2025-10-02 20:05:21 :: INFO  :: TIMER :: [0002] Injected Atlas in 256.408 ms
INFO - [G] 2025-10-02 20:05:21 :: INFO  :: TIMER :: [0001] Injected Sound in 0.006 ms
INFO - [G] 2025-10-02 20:05:21 :: INFO  :: TIMER :: [0008] Injected Stake in 0.042 ms
INFO - [G] 2025-10-02 20:05:21 :: INFO  :: TIMER :: [0004] Injected Rarity in 0.015 ms
INFO - [G] 2025-10-02 20:05:21 :: INFO  :: TIMER :: [0004] Injected ObjectType in 0.020 ms
INFO - [G] 2025-10-02 20:05:21 :: INFO  :: TIMER :: [0050] Injected Center in 0.243 ms
INFO - [G] 2025-10-02 20:05:21 :: INFO  :: TIMER :: [0007] Injected Undiscovered Sprite in 0.017 ms
INFO - [G] 2025-10-02 20:05:21 :: INFO  :: TIMER :: [0002] Injected Blind in 0.009 ms
INFO - [G] 2025-10-02 20:05:21 :: INFO  :: TIMER :: [0004] Injected Seal in 0.074 ms
INFO - [G] 2025-10-02 20:05:21 :: INFO  :: TIMER :: [0004] Injected Suit in 0.042 ms
INFO - [G] 2025-10-02 20:05:21 :: INFO  :: TIMER :: [0013] Injected Rank in 0.050 ms
INFO - [G] 2025-10-02 20:05:21 :: INFO  :: TIMER :: [0028] Injected DeckSkin in 0.192 ms
INFO - [G] 2025-10-02 20:05:21 :: INFO  :: TIMER :: [0012] Injected PokerHand in 0.021 ms
INFO - [G] 2025-10-02 20:05:21 :: INFO  :: TIMER :: [0020] Injected Challenge in 0.028 ms
INFO - [G] 2025-10-02 20:05:21 :: INFO  :: TIMER :: [0000] Injected Tag in 0.001 ms
INFO - [G] 2025-10-02 20:05:21 :: INFO  :: TIMER :: [0004] Injected Sticker in 0.043 ms
INFO - [G] 2025-10-02 20:05:21 :: INFO  :: TIMER :: [0000] Injected Shader in 0.001 ms
INFO - [G] 2025-10-02 20:05:21 :: INFO  :: TIMER :: [0002] Injected Keybind in 0.004 ms
INFO - [G] 2025-10-02 20:05:21 :: INFO  :: TIMER :: [0000] Injected Achievement in 0.013 ms
INFO - [G] 2025-10-02 20:05:21 :: INFO  :: TIMER :: [0002] Injected nil in 0.005 ms
INFO - [G] 2025-10-02 20:05:21 :: INFO  :: TIMER :: [0021] Injected Draw Step in 0.026 ms
INFO - [G] 2025-10-02 20:05:21 :: INFO  :: TIMER :: [0000] Injected [INTERNAL] in 0.001 ms
INFO - [G] LONG DT @ 22: 0.069469438481387
INFO - [G] LONG DT @ 12: 0.058745990785109
INFO - [G] LONG DT @ 12: 0.050328372628087
INFO - [G] LONG DT @ 57: 0.052030848810273
INFO - [G] LONG DT @ 57: 0.089090139048216
INFO - [G] LONG DT @ 57: 0.1
INFO - [G] LONG DT @ 57: 0.08210414
INFO - [G] LONG DT @ 57: 0.1
INFO - [G] LONG DT @ 57: 0.1
INFO - [G] LONG DT @ 57: 0.1
INFO - [G] LONG DT @ 58: 0.1
INFO - [G] LONG DT @ 58: 0.1
INFO - [G] LONG DT @ 58: 0.1
INFO - [G] LONG DT @ 58: 0.1
INFO - [G] LONG DT @ 58: 0.1
INFO - [G] LONG DT @ 58: 0.1
INFO - [G] LONG DT @ 58: 0.09354786
INFO - [G] LONG DT @ 58: 0.090798847999999
INFO - [G] LONG DT @ 58: 0.1
INFO - [G] LONG DT @ 58: 0.1
INFO - [G] LONG DT @ 58: 0.1
INFO - [G] LONG DT @ 59: 0.1
INFO - [G] LONG DT @ 59: 0.1
INFO - [G] LONG DT @ 59: 0.1
INFO - [G] LONG DT @ 59: 0.1
INFO - [G] LONG DT @ 59: 0.1
INFO - [G] LONG DT @ 59: 0.1
INFO - [G] LONG DT @ 59: 0.1
INFO - [G] LONG DT @ 59: 0.1
INFO - [G] LONG DT @ 59: 0.1
INFO - [G] LONG DT @ 59: 0.1
INFO - [G] LONG DT @ 60: 0.1
INFO - [G] LONG DT @ 60: 0.1
INFO - [G] LONG DT @ 60: 0.0931821
INFO - [G] LONG DT @ 60: 0.1
INFO - [G] LONG DT @ 60: 0.1
INFO - [G] LONG DT @ 60: 0.1
INFO - [G] LONG DT @ 60: 0.1
INFO - [G] LONG DT @ 60: 0.1
INFO - [G] LONG DT @ 60: 0.1
INFO - [G] LONG DT @ 60: 0.1
INFO - [G] LONG DT @ 61: 0.1
INFO - [G] LONG DT @ 61: 0.1
INFO - [G] LONG DT @ 61: 0.1
INFO - [G] LONG DT @ 61: 0.1
INFO - [G] LONG DT @ 61: 0.1
INFO - [G] LONG DT @ 61: 0.1
INFO - [G] LONG DT @ 61: 0.1
INFO - [G] LONG DT @ 61: 0.1
INFO - [G] LONG DT @ 61: 0.1
INFO - [G] LONG DT @ 61: 0.1
INFO - [G] LONG DT @ 62: 0.1
INFO - [G] LONG DT @ 62: 0.1
INFO - [G] LONG DT @ 62: 0.1
INFO - [G] LONG DT @ 62: 0.1
INFO - [G] LONG DT @ 62: 0.1
INFO - [G] LONG DT @ 62: 0.1
INFO - [G] LONG DT @ 62: 0.1
INFO - [G] LONG DT @ 62: 0.1
INFO - [G] LONG DT @ 62: 0.1
INFO - [G] LONG DT @ 62: 0.1
INFO - [G] LONG DT @ 63: 0.1
INFO - [G] LONG DT @ 63: 0.1
INFO - [G] LONG DT @ 63: 0.1
INFO - [G] LONG DT @ 63: 0.1
INFO - [G] LONG DT @ 63: 0.1
INFO - [G] LONG DT @ 63: 0.1
INFO - [G] LONG DT @ 63: 0.1
INFO - [G] LONG DT @ 63: 0.1
INFO - [G] LONG DT @ 63: 0.1
INFO - [G] LONG DT @ 63: 0.1
INFO - [G] LONG DT @ 64: 0.1
INFO - [G] LONG DT @ 64: 0.09786218
INFO - [G] LONG DT @ 64: 0.1
INFO - [G] LONG DT @ 64: 0.1
INFO - [G] LONG DT @ 64: 0.1
INFO - [G] LONG DT @ 64: 0.1
INFO - [G] LONG DT @ 64: 0.1
INFO - [G] LONG DT @ 64: 0.1
INFO - [G] LONG DT @ 64: 0.1
INFO - [G] LONG DT @ 64: 0.1
INFO - [G] LONG DT @ 65: 0.1
INFO - [G] LONG DT @ 65: 0.1
INFO - [G] LONG DT @ 65: 0.1
INFO - [G] LONG DT @ 65: 0.1
INFO - [G] LONG DT @ 65: 0.1
INFO - [G] LONG DT @ 65: 0.1
INFO - [G] LONG DT @ 65: 0.1
INFO - [G] LONG DT @ 65: 0.1
INFO - [G] LONG DT @ 65: 0.1
INFO - [G] LONG DT @ 65: 0.1
INFO - [G] LONG DT @ 66: 0.1
INFO - [G] LONG DT @ 66: 0.1
INFO - [G] LONG DT @ 66: 0.1
INFO - [G] LONG DT @ 66: 0.08927638
INFO - [G] LONG DT @ 66: 0.1
INFO - [G] LONG DT @ 66: 0.1
INFO - [G] LONG DT @ 66: 0.1
INFO - [G] LONG DT @ 66: 0.1
INFO - [G] LONG DT @ 66: 0.1
INFO - [G] LONG DT @ 66: 0.1
INFO - [G] LONG DT @ 67: 0.1
INFO - [G] LONG DT @ 67: 0.1
INFO - [G] LONG DT @ 67: 0.1
INFO - [G] LONG DT @ 67: 0.1
INFO - [G] LONG DT @ 67: 0.1
INFO - [G] LONG DT @ 67: 0.1
INFO - [G] LONG DT @ 67: 0.1
INFO - [G] LONG DT @ 67: 0.1
INFO - [G] LONG DT @ 67: 0.1
INFO - [G] LONG DT @ 67: 0.1
INFO - [G] LONG DT @ 68: 0.096463339999999
INFO - [G] LONG DT @ 68: 0.081621731999998
INFO - [G] LONG DT @ 68: 0.1
INFO - [G] LONG DT @ 68: 0.09975736
INFO - [G] LONG DT @ 68: 0.1
INFO - [G] LONG DT @ 68: 0.1
INFO - [G] LONG DT @ 68: 0.1
INFO - [G] LONG DT @ 68: 0.1
INFO - [G] LONG DT @ 68: 0.1
INFO - [G] LONG DT @ 68: 0.1
INFO - [G] LONG DT @ 69: 0.1
INFO - [G] LONG DT @ 69: 0.1
INFO - [G] LONG DT @ 69: 0.1
INFO - [G] LONG DT @ 69: 0.091638879999998
INFO - [G] LONG DT @ 69: 0.1
INFO - [G] LONG DT @ 69: 0.087859599999998
INFO - [G] LONG DT @ 69: 0.08485358
INFO - [G] LONG DT @ 69: 0.095641584
INFO - [G] LONG DT @ 69: 0.096464407199998
INFO - [G] LONG DT @ 69: 0.1
INFO - [G] LONG DT @ 70: 0.1
INFO - [G] LONG DT @ 70: 0.1
INFO - [G] LONG DT @ 70: 0.1
INFO - [G] LONG DT @ 70: 0.1
INFO - [G] LONG DT @ 70: 0.1
INFO - [G] LONG DT @ 70: 0.084454340000001
INFO - [G] LONG DT @ 70: 0.1
INFO - [G] LONG DT @ 70: 0.1
INFO - [G] LONG DT @ 70: 0.087865219999999
INFO - [G] LONG DT @ 70: 0.1
INFO - [G] LONG DT @ 70: 0.1
INFO - [G] LONG DT @ 71: 0.1
INFO - [G] LONG DT @ 71: 0.1
INFO - [G] LONG DT @ 71: 0.1
INFO - [G] LONG DT @ 71: 0.098506859999999
INFO - [G] LONG DT @ 71: 0.1
INFO - [G] LONG DT @ 71: 0.1
INFO - [G] LONG DT @ 71: 0.1
INFO - [G] LONG DT @ 71: 0.1
INFO - [G] LONG DT @ 71: 0.1
INFO - [G] LONG DT @ 71: 0.09172942
INFO - [G] LONG DT @ 72: 0.088407996000001
INFO - [G] LONG DT @ 72: 0.093368416800002
INFO - [G] LONG DT @ 72: 0.099366553440002
INFO - [G] LONG DT @ 72: 0.099533082752
INFO - [G] LONG DT @ 72: 0.096965746201601
INFO - [G] LONG DT @ 72: 0.1
INFO - [G] LONG DT @ 72: 0.094562799999999
INFO - [G] LONG DT @ 72: 0.1
INFO - [G] LONG DT @ 72: 0.1
INFO - [G] LONG DT @ 72: 0.1
INFO - [G] LONG DT @ 73: 0.084266100000001
INFO - [G] LONG DT @ 73: 0.08211158
INFO - [G] LONG DT @ 73: 0.083814924000001
INFO - [G] LONG DT @ 73: 0.081080399200001
INFO - [G] LONG DT @ 73: 0.097537499359999
INFO - [G] LONG DT @ 73: 0.1
INFO - [G] LONG DT @ 73: 0.1
INFO - [G] LONG DT @ 73: 0.1
INFO - [G] LONG DT @ 73: 0.1
INFO - [G] LONG DT @ 73: 0.097376680000001
INFO - [G] LONG DT @ 73: 0.1
INFO - [G] LONG DT @ 74: 0.1
INFO - [G] LONG DT @ 74: 0.1
INFO - [G] LONG DT @ 74: 0.1
INFO - [G] LONG DT @ 74: 0.1
INFO - [G] LONG DT @ 74: 0.1
INFO - [G] LONG DT @ 74: 0.1
INFO - [G] LONG DT @ 74: 0.1
INFO - [G] LONG DT @ 74: 0.1
INFO - [G] LONG DT @ 74: 0.1
INFO - [G] LONG DT @ 74: 0.1
INFO - [G] LONG DT @ 75: 0.1
INFO - [G] LONG DT @ 75: 0.1
INFO - [G] LONG DT @ 75: 0.1
INFO - [G] LONG DT @ 75: 0.1
INFO - [G] LONG DT @ 75: 0.1
INFO - [G] LONG DT @ 75: 0.1
INFO - [G] LONG DT @ 75: 0.1
INFO - [G] LONG DT @ 75: 0.1
INFO - [G] LONG DT @ 75: 0.1
INFO - [G] LONG DT @ 75: 0.1
INFO - [G] LONG DT @ 76: 0.1
INFO - [G] LONG DT @ 76: 0.1
INFO - [G] LONG DT @ 76: 0.1
INFO - [G] LONG DT @ 76: 0.1
INFO - [G] LONG DT @ 76: 0.1
INFO - [G] LONG DT @ 76: 0.1
INFO - [G] LONG DT @ 76: 0.1
INFO - [G] LONG DT @ 76: 0.1
INFO - [G] LONG DT @ 76: 0.095838299999999
INFO - [G] LONG DT @ 76: 0.1
INFO - [G] LONG DT @ 77: 0.1
INFO - [G] LONG DT @ 77: 0.1
INFO - [G] LONG DT @ 77: 0.1
INFO - [G] LONG DT @ 77: 0.1
INFO - [G] LONG DT @ 77: 0.1
INFO - [G] LONG DT @ 77: 0.095800719999999
INFO - [G] LONG DT @ 77: 0.1
INFO - [G] LONG DT @ 77: 0.1
INFO - [G] LONG DT @ 77: 0.1
INFO - [G] LONG DT @ 77: 0.1
INFO - [G] LONG DT @ 78: 0.1
INFO - [G] LONG DT @ 78: 0.1
INFO - [G] LONG DT @ 78: 0.1
INFO - [G] LONG DT @ 78: 0.1
INFO - [G] LONG DT @ 78: 0.1
INFO - [G] LONG DT @ 78: 0.1
INFO - [G] LONG DT @ 78: 0.1
INFO - [G] LONG DT @ 78: 0.1
INFO - [G] LONG DT @ 78: 0.1
INFO - [G] LONG DT @ 78: 0.1
INFO - [G] LONG DT @ 79: 0.1
INFO - [G] LONG DT @ 79: 0.1
INFO - [G] LONG DT @ 79: 0.1
INFO - [G] LONG DT @ 79: 0.1
INFO - [G] LONG DT @ 79: 0.1
INFO - [G] LONG DT @ 79: 0.1
INFO - [G] LONG DT @ 79: 0.1
INFO - [G] LONG DT @ 79: 0.1
INFO - [G] LONG DT @ 79: 0.1
INFO - [G] LONG DT @ 79: 0.1
INFO - [G] LONG DT @ 80: 0.1
INFO - [G] LONG DT @ 80: 0.1
INFO - [G] LONG DT @ 80: 0.1
INFO - [G] LONG DT @ 80: 0.1
INFO - [G] LONG DT @ 80: 0.1
INFO - [G] LONG DT @ 80: 0.1
INFO - [G] LONG DT @ 80: 0.1
INFO - [G] LONG DT @ 80: 0.1
INFO - [G] LONG DT @ 80: 0.1
INFO - [G] LONG DT @ 80: 0.1
INFO - [G] LONG DT @ 81: 0.1
INFO - [G] LONG DT @ 81: 0.092144480000001
INFO - [G] LONG DT @ 81: 0.1
INFO - [G] LONG DT @ 81: 0.1
INFO - [G] LONG DT @ 81: 0.084380719999995
INFO - [G] LONG DT @ 81: 0.071550475999996
INFO - [G] LONG DT @ 81: 0.061927400799997
INFO - [G] LONG DT @ 81: 0.064790480640001
INFO - [G] LONG DT @ 81: 0.063165324512
INFO - [G] LONG DT @ 81: 0.076497919609597
INFO - [G] LONG DT @ 81: 0.092325475687679
INFO - [G] LONG DT @ 81: 0.089285460550143
INFO - [G] LONG DT @ 82: 0.094164728440113
INFO - [G] LONG DT @ 82: 0.1
INFO - [G] LONG DT @ 82: 0.1
INFO - [G] LONG DT @ 82: 0.1
INFO - [G] LONG DT @ 82: 0.1
INFO - [G] LONG DT @ 82: 0.1
INFO - [G] LONG DT @ 82: 0.1
INFO - [G] LONG DT @ 82: 0.1
INFO - [G] LONG DT @ 82: 0.1
INFO - [G] LONG DT @ 82: 0.1
INFO - [G] LONG DT @ 83: 0.1
INFO - [G] LONG DT @ 83: 0.1
INFO - [G] LONG DT @ 83: 0.1
INFO - [G] LONG DT @ 83: 0.095195499999999
INFO - [G] LONG DT @ 83: 0.078043479999999
INFO - [G] LONG DT @ 83: 0.064789844000001
INFO - [G] LONG DT @ 83: 0.055168315199999
INFO - [G] LONG DT @ 126: 0.065021431187134
INFO - [G] LONG DT @ 126: 0.084219184949705
INFO - [G] LONG DT @ 126: 0.099557507959766
INFO - [G] LONG DT @ 127: 0.1
INFO - [G] LONG DT @ 127: 0.1
INFO - [G] LONG DT @ 127: 0.1
INFO - [G] LONG DT @ 127: 0.1
INFO - [G] LONG DT @ 127: 0.1
INFO - [G] LONG DT @ 127: 0.1
INFO - [G] LONG DT @ 127: 0.1
INFO - [G] LONG DT @ 127: 0.1
INFO - [G] LONG DT @ 127: 0.1
INFO - [G] LONG DT @ 127: 0.1
INFO - [G] LONG DT @ 128: 0.1
INFO - [G] LONG DT @ 128: 0.1
INFO - [G] LONG DT @ 128: 0.1
INFO - [G] LONG DT @ 128: 0.1
INFO - [G] LONG DT @ 128: 0.096233799999998
INFO - [G] LONG DT @ 128: 0.078888320000002
INFO - [G] LONG DT @ 128: 0.065000195999998
INFO - [G] LONG DT @ 128: 0.0553401768
