INFO - [♥] Lovely 0.8.0
INFO - [♥] Game directory is at "C:\\Program Files (x86)\\Steam\\steamapps\\common\\Balatro"
INFO - [♥] Writing logs to "C:\\Users\\Lorenz\\AppData\\Roaming\\Balatro\\Mods\\lovely\\log"
INFO - [♥] Using mod directory at "C:\\Users\\Lorenz\\AppData\\Roaming\\Balatro\\Mods"
INFO - [♥] Cleaning up dumps directory at "C:\\Users\\Lorenz\\AppData\\Roaming\\Balatro\\Mods\\lovely\\dump"
INFO - [♥] Initialization complete in 460ms
INFO - [♥] Applied 10 patches to 'main.lua'
INFO - [♥] Applied 5 patches to 'engine/controller.lua'
INFO - [♥] Applied 16 patches to 'back.lua'
INFO - [♥] Applied 7 patches to 'tag.lua'
INFO - [♥] Applied 3 patches to 'engine/moveable.lua'
INFO - [♥] Applied 2 patches to 'engine/sprite.lua'
INFO - [♥] Applied 2 patches to 'engine/animatedsprite.lua'
INFO - [♥] Applied 69 patches to 'functions/misc_functions.lua'
WARN - [♥] Pattern 'self.GAME.pseudorandom.seed = hash_seed(self.GAME.pseudorandom.seed)' on target 'game.lua' for pattern patch from BalatroMultiplayer-0.2.18\lovely\TheOrder.toml resulted in no matches
INFO - [♥] Applied 44 patches to 'game.lua'
INFO - [♥] Applied 2 patches to 'globals.lua'
INFO - [♥] Applied 5 patches to 'engine/ui.lua'
INFO - [♥] Applied 106 patches to 'functions/UI_definitions.lua'
INFO - [♥] Applied 54 patches to 'functions/state_events.lua'
WARN - [♥] Pattern '''
WARN - [♥]         attention_text({
WARN - [♥]           text = text..tostring(math.abs(mod)),''' on target 'functions/common_events.lua' for pattern patch from BalatroMultiplayer-0.2.18\lovely\decks.toml resulted in 3 matches, wanted 1
WARN - [♥] Ignoring excess matches
INFO - [♥] Applied 134 patches to 'functions/common_events.lua'
INFO - [♥] Applied 54 patches to 'functions/button_callbacks.lua'
INFO - [♥] Applied 201 patches to 'card.lua'
INFO - [♥] Applied 12 patches to 'cardarea.lua'
INFO - [♥] Applied 37 patches to 'blind.lua'
INFO - [♥] Applied 2 patches to 'engine/text.lua'
INFO - [♥] Applied 3 patches to '=[SMODS _ "src/utils.lua"]'
INFO - [♥] Applied 1 patch to '=[SMODS _ "src/overrides.lua"]'
INFO - [♥] Applied 1 patch to '=[SMODS _ "src/game_object.lua"]'
INFO - [G] Failed to connect to the debug server
INFO - [G] 2025-09-27 14:45:47 :: DEBUG :: DebugConsole :: Steamodded Debug Socket started !
INFO - [G] 2025-09-27 14:45:47 :: INFO  :: SMODS :: Steamodded v1.0.0~BETA-0711a
INFO - [♥] Applied 9 patches to 'engine/sound_manager.lua'
INFO - [♥] Applied 1 patch to 'engine/save_manager.lua'
INFO - [G] 2025-09-27 14:45:48 :: INFO  :: Loader :: Valid JSON file found
INFO - [G] 2025-09-27 14:45:48 :: DEBUG :: MULTIPLAYER :: Resetting lobby options
INFO - [G] 2025-09-27 14:45:48 :: DEBUG :: MULTIPLAYER :: Resetting game states
INFO - [G] 2025-09-27 14:45:48 :: TRACE :: MULTIPLAYER :: Client sent message: connect
INFO - [G] 2025-09-27 14:45:48 :: INFO  :: TIMER :: [0000] Injected Fonts in 0.001 ms
INFO - [G] 2025-09-27 14:45:48 :: INFO  :: TIMER :: [0000] Injected Language in 0.001 ms
INFO - [G] 2025-09-27 14:45:48 :: INFO  :: TIMER :: [0000] Injected [INTERNAL] in 7.279 ms
INFO - [G] 2025-09-27 14:45:49 :: INFO  :: TIMER :: [0044] Injected Atlas in 489.527 ms
INFO - [G] 2025-09-27 14:45:49 :: INFO  :: TIMER :: [0001] Injected Sound in 3.927 ms
INFO - [G] 2025-09-27 14:45:49 :: INFO  :: TIMER :: [0011] Injected Stake in 0.185 ms
INFO - [G] 2025-09-27 14:45:49 :: INFO  :: TIMER :: [0004] Injected Rarity in 0.028 ms
INFO - [G] 2025-09-27 14:45:49 :: INFO  :: TIMER :: [0004] Injected ObjectType in 0.025 ms
INFO - [G] 2025-09-27 14:45:49 :: INFO  :: TIMER :: [0122] Injected Center in 0.464 ms
INFO - [G] 2025-09-27 14:45:49 :: INFO  :: TIMER :: [0007] Injected Undiscovered Sprite in 0.018 ms
INFO - [G] 2025-09-27 14:45:49 :: INFO  :: TIMER :: [0003] Injected Blind in 0.044 ms
INFO - [G] 2025-09-27 14:45:49 :: INFO  :: TIMER :: [0004] Injected Seal in 0.261 ms
INFO - [G] 2025-09-27 14:45:49 :: INFO  :: TIMER :: [0004] Injected Suit in 0.205 ms
INFO - [G] 2025-09-27 14:45:49 :: INFO  :: TIMER :: [0013] Injected Rank in 0.205 ms
INFO - [G] 2025-09-27 14:45:49 :: INFO  :: TIMER :: [0028] Injected DeckSkin in 0.172 ms
INFO - [G] 2025-09-27 14:45:49 :: INFO  :: TIMER :: [0012] Injected PokerHand in 0.144 ms
INFO - [G] 2025-09-27 14:45:49 :: INFO  :: TIMER :: [0034] Injected Challenge in 0.139 ms
INFO - [G] 2025-09-27 14:45:49 :: INFO  :: TIMER :: [0001] Injected Tag in 0.027 ms
INFO - [G] 2025-09-27 14:45:49 :: INFO  :: TIMER :: [0006] Injected Sticker in 0.068 ms
INFO - [G] 2025-09-27 14:45:49 :: INFO  :: TIMER :: [0000] Injected Shader in 0.001 ms
INFO - [G] 2025-09-27 14:45:49 :: INFO  :: TIMER :: [0002] Injected Keybind in 0.017 ms
INFO - [G] 2025-09-27 14:45:49 :: INFO  :: TIMER :: [0000] Injected Achievement in 0.078 ms
INFO - [G] 2025-09-27 14:45:49 :: INFO  :: TIMER :: [0002] Injected nil in 0.037 ms
INFO - [G] 2025-09-27 14:45:49 :: INFO  :: TIMER :: [0022] Injected Draw Step in 0.340 ms
INFO - [G] 2025-09-27 14:45:49 :: INFO  :: TIMER :: [0000] Injected [INTERNAL] in 12.545 ms
INFO - [G] 2025-09-27 14:45:49 :: INFO  :: TIMER :: [0009] Injected nil in 0.019 ms
INFO - [G] 2025-09-27 14:45:49 :: INFO  :: TIMER :: [0003] Injected nil in 0.044 ms
INFO - [G] 2025-09-27 14:45:49 :: TRACE :: MULTIPLAYER :: Client got connected message:  (action: connected) 
INFO - [G] 2025-09-27 14:45:49 :: TRACE :: MULTIPLAYER :: Client sent message: action:username,username:Guest~1,modHash:
INFO - [G] 2025-09-27 14:45:49 :: TRACE :: MULTIPLAYER :: Client got version message:  (action: version) 
INFO - [G] 2025-09-27 14:45:49 :: TRACE :: MULTIPLAYER :: Client sent message: action:version,version:0.2.18-MULTIPLAYER
INFO - [G] 2025-09-27 14:45:49 :: TRACE :: MULTIPLAYER :: Client sent message: action:username,username:Guest~1,modHash:preview=false;unlocked=true;encryptID=125554198023.6;serversideConnectionID=df86e1c3;Lovely-0.8.0;Multiplayer-0.2.18;Steamodded-1.0.0~BETA-0711a;TheOrder-MultiplayerIntegration
